Archive member included to satisfy reference by file (symbol)

c:/st/stm32cubeide_1.4.0/stm32cubeide/plugins/com.st.stm32cube.ide.mcu.externaltools.gnu-tools-for-stm32.7-2018-q2-update.win32_1.4.0.202007081208/tools/bin/../lib/gcc/arm-none-eabi/7.3.1/../../../../arm-none-eabi/lib/thumb/v7e-m/fpv4-sp/hard\libc_nano.a(lib_a-errno.o)
                              Core/Src/syscalls.o (__errno)
c:/st/stm32cubeide_1.4.0/stm32cubeide/plugins/com.st.stm32cube.ide.mcu.externaltools.gnu-tools-for-stm32.7-2018-q2-update.win32_1.4.0.202007081208/tools/bin/../lib/gcc/arm-none-eabi/7.3.1/../../../../arm-none-eabi/lib/thumb/v7e-m/fpv4-sp/hard\libc_nano.a(lib_a-exit.o)
                              c:/st/stm32cubeide_1.4.0/stm32cubeide/plugins/com.st.stm32cube.ide.mcu.externaltools.gnu-tools-for-stm32.7-2018-q2-update.win32_1.4.0.202007081208/tools/bin/../lib/gcc/arm-none-eabi/7.3.1/../../../../arm-none-eabi/lib/thumb/v7e-m/fpv4-sp/hard/crt0.o (exit)
c:/st/stm32cubeide_1.4.0/stm32cubeide/plugins/com.st.stm32cube.ide.mcu.externaltools.gnu-tools-for-stm32.7-2018-q2-update.win32_1.4.0.202007081208/tools/bin/../lib/gcc/arm-none-eabi/7.3.1/../../../../arm-none-eabi/lib/thumb/v7e-m/fpv4-sp/hard\libc_nano.a(lib_a-impure.o)
                              c:/st/stm32cubeide_1.4.0/stm32cubeide/plugins/com.st.stm32cube.ide.mcu.externaltools.gnu-tools-for-stm32.7-2018-q2-update.win32_1.4.0.202007081208/tools/bin/../lib/gcc/arm-none-eabi/7.3.1/../../../../arm-none-eabi/lib/thumb/v7e-m/fpv4-sp/hard\libc_nano.a(lib_a-exit.o) (_global_impure_ptr)
c:/st/stm32cubeide_1.4.0/stm32cubeide/plugins/com.st.stm32cube.ide.mcu.externaltools.gnu-tools-for-stm32.7-2018-q2-update.win32_1.4.0.202007081208/tools/bin/../lib/gcc/arm-none-eabi/7.3.1/../../../../arm-none-eabi/lib/thumb/v7e-m/fpv4-sp/hard\libc_nano.a(lib_a-init.o)
                              c:/st/stm32cubeide_1.4.0/stm32cubeide/plugins/com.st.stm32cube.ide.mcu.externaltools.gnu-tools-for-stm32.7-2018-q2-update.win32_1.4.0.202007081208/tools/bin/../lib/gcc/arm-none-eabi/7.3.1/../../../../arm-none-eabi/lib/thumb/v7e-m/fpv4-sp/hard/crt0.o (__libc_init_array)
c:/st/stm32cubeide_1.4.0/stm32cubeide/plugins/com.st.stm32cube.ide.mcu.externaltools.gnu-tools-for-stm32.7-2018-q2-update.win32_1.4.0.202007081208/tools/bin/../lib/gcc/arm-none-eabi/7.3.1/../../../../arm-none-eabi/lib/thumb/v7e-m/fpv4-sp/hard\libc_nano.a(lib_a-memcpy-stub.o)
                              Core/Src/TJ_MPU6050.o (memcpy)
c:/st/stm32cubeide_1.4.0/stm32cubeide/plugins/com.st.stm32cube.ide.mcu.externaltools.gnu-tools-for-stm32.7-2018-q2-update.win32_1.4.0.202007081208/tools/bin/../lib/gcc/arm-none-eabi/7.3.1/../../../../arm-none-eabi/lib/thumb/v7e-m/fpv4-sp/hard\libc_nano.a(lib_a-memset.o)
                              c:/st/stm32cubeide_1.4.0/stm32cubeide/plugins/com.st.stm32cube.ide.mcu.externaltools.gnu-tools-for-stm32.7-2018-q2-update.win32_1.4.0.202007081208/tools/bin/../lib/gcc/arm-none-eabi/7.3.1/../../../../arm-none-eabi/lib/thumb/v7e-m/fpv4-sp/hard/crt0.o (memset)
c:/st/stm32cubeide_1.4.0/stm32cubeide/plugins/com.st.stm32cube.ide.mcu.externaltools.gnu-tools-for-stm32.7-2018-q2-update.win32_1.4.0.202007081208/tools/bin/../lib/gcc/arm-none-eabi/7.3.1/../../../../arm-none-eabi/lib/thumb/v7e-m/fpv4-sp/hard\libm.a(lib_a-w_sqrt.o)
                              Core/Src/MadgwickAHRS.o (sqrt)
c:/st/stm32cubeide_1.4.0/stm32cubeide/plugins/com.st.stm32cube.ide.mcu.externaltools.gnu-tools-for-stm32.7-2018-q2-update.win32_1.4.0.202007081208/tools/bin/../lib/gcc/arm-none-eabi/7.3.1/../../../../arm-none-eabi/lib/thumb/v7e-m/fpv4-sp/hard\libm.a(lib_a-e_sqrt.o)
                              c:/st/stm32cubeide_1.4.0/stm32cubeide/plugins/com.st.stm32cube.ide.mcu.externaltools.gnu-tools-for-stm32.7-2018-q2-update.win32_1.4.0.202007081208/tools/bin/../lib/gcc/arm-none-eabi/7.3.1/../../../../arm-none-eabi/lib/thumb/v7e-m/fpv4-sp/hard\libm.a(lib_a-w_sqrt.o) (__ieee754_sqrt)
c:/st/stm32cubeide_1.4.0/stm32cubeide/plugins/com.st.stm32cube.ide.mcu.externaltools.gnu-tools-for-stm32.7-2018-q2-update.win32_1.4.0.202007081208/tools/bin/../lib/gcc/arm-none-eabi/7.3.1/../../../../arm-none-eabi/lib/thumb/v7e-m/fpv4-sp/hard\libm.a(lib_a-s_lib_ver.o)
                              c:/st/stm32cubeide_1.4.0/stm32cubeide/plugins/com.st.stm32cube.ide.mcu.externaltools.gnu-tools-for-stm32.7-2018-q2-update.win32_1.4.0.202007081208/tools/bin/../lib/gcc/arm-none-eabi/7.3.1/../../../../arm-none-eabi/lib/thumb/v7e-m/fpv4-sp/hard\libm.a(lib_a-w_sqrt.o) (__fdlib_version)
c:/st/stm32cubeide_1.4.0/stm32cubeide/plugins/com.st.stm32cube.ide.mcu.externaltools.gnu-tools-for-stm32.7-2018-q2-update.win32_1.4.0.202007081208/tools/bin/../lib/gcc/arm-none-eabi/7.3.1/../../../../arm-none-eabi/lib/thumb/v7e-m/fpv4-sp/hard\libm.a(lib_a-s_matherr.o)
[...]
Memory Configuration

Name             Origin             Length             Attributes
CCMRAM           0x0000000010000000 0x0000000000004000 xrw
RAM              0x0000000020000000 0x0000000000010000 xrw
FLASH            0x0000000008000000 0x0000000000080000 xr
*default*        0x0000000000000000 0xffffffffffffffff

Linker script and memory map

LOAD c:/st/stm32cubeide_1.4.0/stm32cubeide/plugins/com.st.stm32cube.ide.mcu.externaltools.gnu-tools-for-stm32.7-2018-q2-update.win32_1.4.0.202007081208/tools/bin/../lib/gcc/arm-none-eabi/7.3.1/thumb/v7e-m/fpv4-sp/hard/crti.o
LOAD c:/st/stm32cubeide_1.4.0/stm32cubeide/plugins/com.st.stm32cube.ide.mcu.externaltools.gnu-tools-for-stm32.7-2018-q2-update.win32_1.4.0.202007081208/tools/bin/../lib/gcc/arm-none-eabi/7.3.1/thumb/v7e-m/fpv4-sp/hard/crtbegin.o
LOAD c:/st/stm32cubeide_1.4.0/stm32cubeide/plugins/com.st.stm32cube.ide.mcu.externaltools.gnu-tools-for-stm32.7-2018-q2-update.win32_1.4.0.202007081208/tools/bin/../lib/gcc/arm-none-eabi/7.3.1/../../../../arm-none-eabi/lib/thumb/v7e-m/fpv4-sp/hard/crt0.o
LOAD Core/Src/MadgwickAHRS.o
LOAD Core/Src/TJ_MPU6050.o
LOAD Core/Src/hBridgeDriver.o
LOAD Core/Src/main.o
LOAD Core/Src/stm32f3xx_hal_msp.o
LOAD Core/Src/stm32f3xx_it.o
LOAD Core/Src/syscalls.o
LOAD Core/Src/sysmem.o
LOAD Core/Src/system_stm32f3xx.o
LOAD Core/Src/timeDriver.o
LOAD Core/Startup/startup_stm32f303retx.o
LOAD Drivers/STM32F3xx_HAL_Driver/Src/stm32f3xx_hal.o
LOAD Drivers/STM32F3xx_HAL_Driver/Src/stm32f3xx_hal_cortex.o
LOAD Drivers/STM32F3xx_HAL_Driver/Src/stm32f3xx_hal_dma.o
LOAD Drivers/STM32F3xx_HAL_Driver/Src/stm32f3xx_hal_exti.o
LOAD Drivers/STM32F3xx_HAL_Driver/Src/stm32f3xx_hal_flash.o
LOAD Drivers/STM32F3xx_HAL_Driver/Src/stm32f3xx_hal_flash_ex.o
LOAD Drivers/STM32F3xx_HAL_Driver/Src/stm32f3xx_hal_gpio.o
LOAD Drivers/STM32F3xx_HAL_Driver/Src/stm32f3xx_hal_i2c.o
LOAD Drivers/STM32F3xx_HAL_Driver/Src/stm32f3xx_hal_i2c_ex.o
LOAD Drivers/STM32F3xx_HAL_Driver/Src/stm32f3xx_hal_pwr.o
LOAD Drivers/STM32F3xx_HAL_Driver/Src/stm32f3xx_hal_pwr_ex.o
LOAD Drivers/STM32F3xx_HAL_Driver/Src/stm32f3xx_hal_rcc.o
LOAD Drivers/STM32F3xx_HAL_Driver/Src/stm32f3xx_hal_rcc_ex.o
LOAD Drivers/STM32F3xx_HAL_Driver/Src/stm32f3xx_hal_tim.o
LOAD Drivers/STM32F3xx_HAL_Driver/Src/stm32f3xx_hal_tim_ex.o
LOAD Drivers/STM32F3xx_HAL_Driver/Src/stm32f3xx_hal_uart.o
LOAD Drivers/STM32F3xx_HAL_Driver/Src/stm32f3xx_hal_uart_ex.o
START GROUP
LOAD c:/st/stm32cubeide_1.4.0/stm32cubeide/plugins/com.st.stm32cube.ide.mcu.externaltools.gnu-tools-for-stm32.7-2018-q2-update.win32_1.4.0.202007081208/tools/bin/../lib/gcc/arm-none-eabi/7.3.1/../../../../arm-none-eabi/lib/thumb/v7e-m/fpv4-sp/hard\libc_nano.a
LOAD c:/st/stm32cubeide_1.4.0/stm32cubeide/plugins/com.st.stm32cube.ide.mcu.externaltools.gnu-tools-for-stm32.7-2018-q2-update.win32_1.4.0.202007081208/tools/bin/../lib/gcc/arm-none-eabi/7.3.1/../../../../arm-none-eabi/lib/thumb/v7e-m/fpv4-sp/hard\libm.a
END GROUP
START GROUP
LOAD c:/st/stm32cubeide_1.4.0/stm32cubeide/plugins/com.st.stm32cube.ide.mcu.externaltools.gnu-tools-for-stm32.7-2018-q2-update.win32_1.4.0.202007081208/tools/bin/../lib/gcc/arm-none-eabi/7.3.1/thumb/v7e-m/fpv4-sp/hard\libgcc.a
LOAD c:/st/stm32cubeide_1.4.0/stm32cubeide/plugins/com.st.stm32cube.ide.mcu.externaltools.gnu-tools-for-stm32.7-2018-q2-update.win32_1.4.0.202007081208/tools/bin/../lib/gcc/arm-none-eabi/7.3.1/../../../../arm-none-eabi/lib/thumb/v7e-m/fpv4-sp/hard\libc_nano.a
END GROUP
START GROUP
LOAD c:/st/stm32cubeide_1.4.0/stm32cubeide/plugins/com.st.stm32cube.ide.mcu.externaltools.gnu-tools-for-stm32.7-2018-q2-update.win32_1.4.0.202007081208/tools/bin/../lib/gcc/arm-none-eabi/7.3.1/thumb/v7e-m/fpv4-sp/hard\libgcc.a
LOAD c:/st/stm32cubeide_1.4.0/stm32cubeide/plugins/com.st.stm32cube.ide.mcu.externaltools.gnu-tools-for-stm32.7-2018-q2-update.win32_1.4.0.202007081208/tools/bin/../lib/gcc/arm-none-eabi/7.3.1/../../../../arm-none-eabi/lib/thumb/v7e-m/fpv4-sp/hard\libc_nano.a
LOAD c:/st/stm32cubeide_1.4.0/stm32cubeide/plugins/com.st.stm32cube.ide.mcu.externaltools.gnu-tools-for-stm32.7-2018-q2-update.win32_1.4.0.202007081208/tools/bin/../lib/gcc/arm-none-eabi/7.3.1/../../../../arm-none-eabi/lib/thumb/v7e-m/fpv4-sp/hard\libnosys.a
END GROUP
START GROUP
LOAD c:/st/stm32cubeide_1.4.0/stm32cubeide/plugins/com.st.stm32cube.ide.mcu.externaltools.gnu-tools-for-stm32.7-2018-q2-update.win32_1.4.0.202007081208/tools/bin/../lib/gcc/arm-none-eabi/7.3.1/thumb/v7e-m/fpv4-sp/hard\libgcc.a
LOAD c:/st/stm32cubeide_1.4.0/stm32cubeide/plugins/com.st.stm32cube.ide.mcu.externaltools.gnu-tools-for-stm32.7-2018-q2-update.win32_1.4.0.202007081208/tools/bin/../lib/gcc/arm-none-eabi/7.3.1/../../../../arm-none-eabi/lib/thumb/v7e-m/fpv4-sp/hard\libc_nano.a
LOAD c:/st/stm32cubeide_1.4.0/stm32cubeide/plugins/com.st.stm32cube.ide.mcu.externaltools.gnu-tools-for-stm32.7-2018-q2-update.win32_1.4.0.202007081208/tools/bin/../lib/gcc/arm-none-eabi/7.3.1/../../../../arm-none-eabi/lib/thumb/v7e-m/fpv4-sp/hard\libnosys.a
END GROUP
LOAD c:/st/stm32cubeide_1.4.0/stm32cubeide/plugins/com.st.stm32cube.ide.mcu.externaltools.gnu-tools-for-stm32.7-2018-q2-update.win32_1.4.0.202007081208/tools/bin/../lib/gcc/arm-none-eabi/7.3.1/thumb/v7e-m/fpv4-sp/hard/crtend.o
LOAD c:/st/stm32cubeide_1.4.0/stm32cubeide/plugins/com.st.stm32cube.ide.mcu.externaltools.gnu-tools-for-stm32.7-2018-q2-update.win32_1.4.0.202007081208/tools/bin/../lib/gcc/arm-none-eabi/7.3.1/thumb/v7e-m/fpv4-sp/hard/crtn.o
                0x0000000020010000                _estack = (ORIGIN (RAM) + LENGTH (RAM))
                0x0000000000000200                _Min_Heap_Size = 0x200
                0x0000000000000400                _Min_Stack_Size = 0x400

.isr_vector     0x0000000008000000      0x194
                0x0000000008000000                . = ALIGN (0x4)
 *(.isr_vector)
 .isr_vector    0x0000000008000000      0x194 Core/Startup/startup_stm32f303retx.o
                0x0000000008000000                g_pfnVectors
                0x0000000008000194                . = ALIGN (0x4)

.text           0x0000000008000198     0x50c0
                0x0000000008000198                . = ALIGN (0x4)
 *(.text)
 .text          0x0000000008000198       0x40 c:/st/stm32cubeide_1.4.0/stm32cubeide/plugins/com.st.stm32cube.ide.mcu.externaltools.gnu-tools-for-stm32.7-2018-q2-update.win32_1.4.0.202007081208/tools/bin/../lib/gcc/arm-none-eabi/7.3.1/thumb/v7e-m/fpv4-sp/hard/crtbegin.o
 .text          0x00000000080001d8      0x378 c:/st/stm32cubeide_1.4.0/stm32cubeide/plugins/com.st.stm32cube.ide.mcu.externaltools.gnu-tools-for-stm32.7-2018-q2-update.win32_1.4.0.202007081208/tools/bin/../lib/gcc/arm-none-eabi/7.3.1/thumb/v7e-m/fpv4-sp/hard\libgcc.a(_arm_addsubdf3.o)
                0x00000000080001d8                __aeabi_drsub
                0x00000000080001e0                __aeabi_dsub
                0x00000000080001e0                __subdf3
                0x00000000080001e4                __aeabi_dadd
                0x00000000080001e4                __adddf3
                0x000000000800045c                __floatunsidf
                0x000000000800045c                __aeabi_ui2d
                0x000000000800047c                __floatsidf
                0x000000000800047c                __aeabi_i2d
                0x00000000080004a0                __aeabi_f2d
                0x00000000080004a0                __extendsfdf2
                0x00000000080004e4                __floatundidf
                0x00000000080004e4                __aeabi_ul2d
                0x00000000080004f4                __floatdidf
                0x00000000080004f4                __aeabi_l2d
 .text          0x0000000008000550      0x424 c:/st/stm32cubeide_1.4.0/stm32cubeide/plugins/com.st.stm32cube.ide.mcu.externaltools.gnu-tools-for-stm32.7-2018-q2-update.win32_1.4.0.202007081208/tools/bin/../lib/gcc/arm-none-eabi/7.3.1/thumb/v7e-m/fpv4-sp/hard\libgcc.a(_arm_muldivdf3.o)
                0x0000000008000550                __aeabi_dmul
                0x0000000008000550                __muldf3
                0x00000000080007a4                __divdf3
                0x00000000080007a4                __aeabi_ddiv
 .text          0x0000000008000974       0xa0 c:/st/stm32cubeide_1.4.0/stm32cubeide/plugins/com.st.stm32cube.ide.mcu.externaltools.gnu-tools-for-stm32.7-2018-q2-update.win32_1.4.0.202007081208/tools/bin/../lib/gcc/arm-none-eabi/7.3.1/thumb/v7e-m/fpv4-sp/hard\libgcc.a(_arm_truncdfsf2.o)
                0x0000000008000974                __truncdfsf2
                0x0000000008000974                __aeabi_d2f
 *(.text*)
 .text.MadgwickAHRSupdateIMU
                0x0000000008000a14      0x664 Core/Src/MadgwickAHRS.o
                0x0000000008000a14                MadgwickAHRSupdateIMU
 .text.invSqrt  0x0000000008001078       0x78 Core/Src/MadgwickAHRS.o
                0x0000000008001078                invSqrt
 .text.MPU6050_Init
                0x00000000080010f0       0x20 Core/Src/TJ_MPU6050.o
                0x00000000080010f0                MPU6050_Init
 .text.I2C_Read
                0x0000000008001110       0x50 Core/Src/TJ_MPU6050.o
                0x0000000008001110                I2C_Read
 .text.I2C_Write8
                0x0000000008001160       0x3c Core/Src/TJ_MPU6050.o
                0x0000000008001160                I2C_Write8
 .text.MPU6050_Config
                0x000000000800119c      0x150 Core/Src/TJ_MPU6050.o
                0x000000000800119c                MPU6050_Config
 .text.MPU6050_Set_SMPRT_DIV
                0x00000000080012ec       0x1c Core/Src/TJ_MPU6050.o
                0x00000000080012ec                MPU6050_Set_SMPRT_DIV
 .text.MPU6050_Get_Accel_RawData
                0x0000000008001308       0xcc Core/Src/TJ_MPU6050.o
                0x0000000008001308                MPU6050_Get_Accel_RawData
 .text.MPU6050_Get_Accel_Scale
                0x00000000080013d4       0x90 Core/Src/TJ_MPU6050.o
                0x00000000080013d4                MPU6050_Get_Accel_Scale
 .text.MPU6050_Get_Accel_Cali
                0x0000000008001464       0x64 Core/Src/TJ_MPU6050.o
                0x0000000008001464                MPU6050_Get_Accel_Cali
 .text.MPU6050_Get_Gyro_RawData
                0x00000000080014c8       0x38 Core/Src/TJ_MPU6050.o
                0x00000000080014c8                MPU6050_Get_Gyro_RawData
 .text.MPU6050_Get_Gyro_Scale
                0x0000000008001500       0x74 Core/Src/TJ_MPU6050.o
                0x0000000008001500                MPU6050_Get_Gyro_Scale
 .text._Accel_Cali
                0x0000000008001574       0x84 Core/Src/TJ_MPU6050.o
                0x0000000008001574                _Accel_Cali
 .text.main     0x00000000080015f8      0x1c4 Core/Src/main.o
                0x00000000080015f8                main
 .text.SystemClock_Config
                0x00000000080017bc       0xae Core/Src/main.o
                0x00000000080017bc                SystemClock_Config
 *fill*         0x000000000800186a        0x2 
 .text.MX_I2C1_Init
                0x000000000800186c       0x7c Core/Src/main.o
 .text.MX_TIM1_Init
                0x00000000080018e8       0xa8 Core/Src/main.o
 .text.MX_USART2_UART_Init
                0x0000000008001990       0x60 Core/Src/main.o
 .text.MX_GPIO_Init
                0x00000000080019f0       0x48 Core/Src/main.o
 .text.sendData2PC
                0x0000000008001a38       0x28 Core/Src/main.o
                0x0000000008001a38                sendData2PC
 .text.Error_Handler
                0x0000000008001a60        0xe Core/Src/main.o
                0x0000000008001a60                Error_Handler
 *fill*         0x0000000008001a6e        0x2 
 .text.HAL_MspInit
                0x0000000008001a70       0x48 Core/Src/stm32f3xx_hal_msp.o
                0x0000000008001a70                HAL_MspInit
 .text.HAL_I2C_MspInit
                0x0000000008001ab8       0xc4 Core/Src/stm32f3xx_hal_msp.o
                0x0000000008001ab8                HAL_I2C_MspInit
 .text.HAL_TIM_Base_MspInit
                0x0000000008001b7c       0x40 Core/Src/stm32f3xx_hal_msp.o
                0x0000000008001b7c                HAL_TIM_Base_MspInit
 .text.HAL_UART_MspInit
                0x0000000008001bbc       0x84 Core/Src/stm32f3xx_hal_msp.o
                0x0000000008001bbc                HAL_UART_MspInit
 .text.NMI_Handler
                0x0000000008001c40        0xe Core/Src/stm32f3xx_it.o
                0x0000000008001c40                NMI_Handler
 .text.HardFault_Handler
                0x0000000008001c4e        0x6 Core/Src/stm32f3xx_it.o
                0x0000000008001c4e                HardFault_Handler
 .text.MemManage_Handler
                0x0000000008001c54        0x6 Core/Src/stm32f3xx_it.o
                0x0000000008001c54                MemManage_Handler
 .text.BusFault_Handler
                0x0000000008001c5a        0x6 Core/Src/stm32f3xx_it.o
                0x0000000008001c5a                BusFault_Handler
 .text.UsageFault_Handler
                0x0000000008001c60        0x6 Core/Src/stm32f3xx_it.o
                0x0000000008001c60                UsageFault_Handler
 .text.SVC_Handler
                0x0000000008001c66        0xe Core/Src/stm32f3xx_it.o
                0x0000000008001c66                SVC_Handler
 .text.DebugMon_Handler
                0x0000000008001c74        0xe Core/Src/stm32f3xx_it.o
                0x0000000008001c74                DebugMon_Handler
 .text.PendSV_Handler
                0x0000000008001c82        0xe Core/Src/stm32f3xx_it.o
                0x0000000008001c82                PendSV_Handler
 .text.SysTick_Handler
                0x0000000008001c90        0xc Core/Src/stm32f3xx_it.o
                0x0000000008001c90                SysTick_Handler
 .text.SystemInit
                0x0000000008001c9c       0x2c Core/Src/system_stm32f3xx.o
                0x0000000008001c9c                SystemInit
 .text.Reset_Handler
                0x0000000008001cc8       0x50 Core/Startup/startup_stm32f303retx.o
                0x0000000008001cc8                Reset_Handler
 .text.Default_Handler
                0x0000000008001d18        0x2 Core/Startup/startup_stm32f303retx.o
                0x0000000008001d18                RTC_Alarm_IRQHandler
                0x0000000008001d18                TIM8_TRG_COM_IRQHandler
                0x0000000008001d18                TIM8_CC_IRQHandler
                0x0000000008001d18                SPI4_IRQHandler
                0x0000000008001d18                TIM1_CC_IRQHandler
                0x0000000008001d18                USB_HP_IRQHandler
                0x0000000008001d18                PVD_IRQHandler
                0x0000000008001d18                TAMP_STAMP_IRQHandler
                0x0000000008001d18                EXTI3_IRQHandler
                0x0000000008001d18                I2C3_ER_IRQHandler
                0x0000000008001d18                USB_HP_CAN_TX_IRQHandler
                0x0000000008001d18                EXTI0_IRQHandler
                0x0000000008001d18                I2C2_EV_IRQHandler
                0x0000000008001d18                FPU_IRQHandler
                0x0000000008001d18                TIM1_UP_TIM16_IRQHandler
                0x0000000008001d18                ADC1_2_IRQHandler
                0x0000000008001d18                SPI1_IRQHandler
                0x0000000008001d18                CAN_SCE_IRQHandler
                0x0000000008001d18                TIM6_DAC_IRQHandler
                0x0000000008001d18                TIM8_UP_IRQHandler
                0x0000000008001d18                DMA2_Channel2_IRQHandler
                0x0000000008001d18                DMA1_Channel4_IRQHandler
                0x0000000008001d18                TIM20_TRG_COM_IRQHandler
                0x0000000008001d18                USART3_IRQHandler
                0x0000000008001d18                DMA1_Channel7_IRQHandler
                0x0000000008001d18                UART5_IRQHandler
                0x0000000008001d18                ADC3_IRQHandler
                0x0000000008001d18                TIM4_IRQHandler
                0x0000000008001d18                CAN_RX1_IRQHandler
                0x0000000008001d18                DMA2_Channel1_IRQHandler
                0x0000000008001d18                I2C1_EV_IRQHandler
                0x0000000008001d18                DMA1_Channel6_IRQHandler
                0x0000000008001d18                UART4_IRQHandler
                0x0000000008001d18                DMA2_Channel4_IRQHandler
                0x0000000008001d18                TIM3_IRQHandler
                0x0000000008001d18                RCC_IRQHandler
                0x0000000008001d18                TIM20_UP_IRQHandler
                0x0000000008001d18                DMA1_Channel1_IRQHandler
                0x0000000008001d18                Default_Handler
                0x0000000008001d18                USBWakeUp_RMP_IRQHandler
                0x0000000008001d18                EXTI15_10_IRQHandler
                0x0000000008001d18                TIM7_IRQHandler
                0x0000000008001d18                I2C3_EV_IRQHandler
                0x0000000008001d18                EXTI9_5_IRQHandler
                0x0000000008001d18                RTC_WKUP_IRQHandler
                0x0000000008001d18                SPI2_IRQHandler
                0x0000000008001d18                USB_LP_CAN_RX0_IRQHandler
                0x0000000008001d18                DMA2_Channel5_IRQHandler
                0x0000000008001d18                DMA1_Channel5_IRQHandler
                0x0000000008001d18                USB_LP_IRQHandler
                0x0000000008001d18                EXTI4_IRQHandler
                0x0000000008001d18                TIM1_TRG_COM_TIM17_IRQHandler
                0x0000000008001d18                DMA1_Channel3_IRQHandler
                0x0000000008001d18                ADC4_IRQHandler
                0x0000000008001d18                WWDG_IRQHandler
                0x0000000008001d18                TIM2_IRQHandler
                0x0000000008001d18                COMP7_IRQHandler
                0x0000000008001d18                COMP1_2_3_IRQHandler
                0x0000000008001d18                EXTI1_IRQHandler
                0x0000000008001d18                USART2_IRQHandler
                0x0000000008001d18                COMP4_5_6_IRQHandler
                0x0000000008001d18                TIM20_BRK_IRQHandler
                0x0000000008001d18                I2C2_ER_IRQHandler
                0x0000000008001d18                DMA1_Channel2_IRQHandler
                0x0000000008001d18                TIM8_BRK_IRQHandler
                0x0000000008001d18                FLASH_IRQHandler
                0x0000000008001d18                TIM20_CC_IRQHandler
                0x0000000008001d18                USART1_IRQHandler
                0x0000000008001d18                SPI3_IRQHandler
                0x0000000008001d18                I2C1_ER_IRQHandler
                0x0000000008001d18                FMC_IRQHandler
                0x0000000008001d18                USBWakeUp_IRQHandler
                0x0000000008001d18                DMA2_Channel3_IRQHandler
                0x0000000008001d18                EXTI2_TSC_IRQHandler
                0x0000000008001d18                TIM1_BRK_TIM15_IRQHandler
 *fill*         0x0000000008001d1a        0x2 
 .text.HAL_Init
                0x0000000008001d1c       0x2c Drivers/STM32F3xx_HAL_Driver/Src/stm32f3xx_hal.o
                0x0000000008001d1c                HAL_Init
 .text.HAL_InitTick
                0x0000000008001d48       0x60 Drivers/STM32F3xx_HAL_Driver/Src/stm32f3xx_hal.o
                0x0000000008001d48                HAL_InitTick
 .text.HAL_IncTick
                0x0000000008001da8       0x28 Drivers/STM32F3xx_HAL_Driver/Src/stm32f3xx_hal.o
                0x0000000008001da8                HAL_IncTick
 .text.HAL_GetTick
                0x0000000008001dd0       0x18 Drivers/STM32F3xx_HAL_Driver/Src/stm32f3xx_hal.o
                0x0000000008001dd0                HAL_GetTick
 .text.HAL_Delay
                0x0000000008001de8       0x44 Drivers/STM32F3xx_HAL_Driver/Src/stm32f3xx_hal.o
                0x0000000008001de8                HAL_Delay
 .text.__NVIC_SetPriorityGrouping
                0x0000000008001e2c       0x48 Drivers/STM32F3xx_HAL_Driver/Src/stm32f3xx_hal_cortex.o
 .text.__NVIC_GetPriorityGrouping
                0x0000000008001e74       0x1c Drivers/STM32F3xx_HAL_Driver/Src/stm32f3xx_hal_cortex.o
 .text.__NVIC_SetPriority
                0x0000000008001e90       0x54 Drivers/STM32F3xx_HAL_Driver/Src/stm32f3xx_hal_cortex.o
 .text.NVIC_EncodePriority
                0x0000000008001ee4       0x66 Drivers/STM32F3xx_HAL_Driver/Src/stm32f3xx_hal_cortex.o
 *fill*         0x0000000008001f4a        0x2 
 .text.SysTick_Config
                0x0000000008001f4c       0x44 Drivers/STM32F3xx_HAL_Driver/Src/stm32f3xx_hal_cortex.o
 .text.HAL_NVIC_SetPriorityGrouping
                0x0000000008001f90       0x16 Drivers/STM32F3xx_HAL_Driver/Src/stm32f3xx_hal_cortex.o
                0x0000000008001f90                HAL_NVIC_SetPriorityGrouping
 .text.HAL_NVIC_SetPriority
                0x0000000008001fa6       0x38 Drivers/STM32F3xx_HAL_Driver/Src/stm32f3xx_hal_cortex.o
                0x0000000008001fa6                HAL_NVIC_SetPriority
 .text.HAL_SYSTICK_Config
                0x0000000008001fde       0x18 Drivers/STM32F3xx_HAL_Driver/Src/stm32f3xx_hal_cortex.o
                0x0000000008001fde                HAL_SYSTICK_Config
 *fill*         0x0000000008001ff6        0x2 
 .text.HAL_GPIO_Init
                0x0000000008001ff8      0x314 Drivers/STM32F3xx_HAL_Driver/Src/stm32f3xx_hal_gpio.o
                0x0000000008001ff8                HAL_GPIO_Init
 .text.HAL_I2C_Init
                0x000000000800230c      0x11e Drivers/STM32F3xx_HAL_Driver/Src/stm32f3xx_hal_i2c.o
                0x000000000800230c                HAL_I2C_Init
 *fill*         0x000000000800242a        0x2 
 .text.HAL_I2C_Master_Transmit
                0x000000000800242c      0x1e8 Drivers/STM32F3xx_HAL_Driver/Src/stm32f3xx_hal_i2c.o
                0x000000000800242c                HAL_I2C_Master_Transmit
 .text.HAL_I2C_Master_Receive
                0x0000000008002614      0x1ec Drivers/STM32F3xx_HAL_Driver/Src/stm32f3xx_hal_i2c.o
                0x0000000008002614                HAL_I2C_Master_Receive
 .text.I2C_Flush_TXDR
                0x0000000008002800       0x48 Drivers/STM32F3xx_HAL_Driver/Src/stm32f3xx_hal_i2c.o
 .text.I2C_WaitOnFlagUntilTimeout
                0x0000000008002848       0x80 Drivers/STM32F3xx_HAL_Driver/Src/stm32f3xx_hal_i2c.o
 .text.I2C_WaitOnTXISFlagUntilTimeout
                0x00000000080028c8       0x80 Drivers/STM32F3xx_HAL_Driver/Src/stm32f3xx_hal_i2c.o
 .text.I2C_WaitOnSTOPFlagUntilTimeout
                0x0000000008002948       0x78 Drivers/STM32F3xx_HAL_Driver/Src/stm32f3xx_hal_i2c.o
 .text.I2C_WaitOnRXNEFlagUntilTimeout
                0x00000000080029c0       0xd8 Drivers/STM32F3xx_HAL_Driver/Src/stm32f3xx_hal_i2c.o
 .text.I2C_IsAcknowledgeFailed
                0x0000000008002a98       0xcc Drivers/STM32F3xx_HAL_Driver/Src/stm32f3xx_hal_i2c.o
 .text.I2C_TransferConfig
                0x0000000008002b64       0x5c Drivers/STM32F3xx_HAL_Driver/Src/stm32f3xx_hal_i2c.o
 .text.HAL_I2CEx_ConfigAnalogFilter
                0x0000000008002bc0       0x96 Drivers/STM32F3xx_HAL_Driver/Src/stm32f3xx_hal_i2c_ex.o
                0x0000000008002bc0                HAL_I2CEx_ConfigAnalogFilter
 .text.HAL_I2CEx_ConfigDigitalFilter
                0x0000000008002c56       0x98 Drivers/STM32F3xx_HAL_Driver/Src/stm32f3xx_hal_i2c_ex.o
                0x0000000008002c56                HAL_I2CEx_ConfigDigitalFilter
 *fill*         0x0000000008002cee        0x2 
 .text.HAL_RCC_OscConfig
                0x0000000008002cf0      0xe2c Drivers/STM32F3xx_HAL_Driver/Src/stm32f3xx_hal_rcc.o
                0x0000000008002cf0                HAL_RCC_OscConfig
 .text.HAL_RCC_ClockConfig
                0x0000000008003b1c      0x2f8 Drivers/STM32F3xx_HAL_Driver/Src/stm32f3xx_hal_rcc.o
                0x0000000008003b1c                HAL_RCC_ClockConfig
 .text.HAL_RCC_GetSysClockFreq
                0x0000000008003e14       0xd4 Drivers/STM32F3xx_HAL_Driver/Src/stm32f3xx_hal_rcc.o
                0x0000000008003e14                HAL_RCC_GetSysClockFreq
 .text.HAL_RCC_GetHCLKFreq
                0x0000000008003ee8       0x18 Drivers/STM32F3xx_HAL_Driver/Src/stm32f3xx_hal_rcc.o
                0x0000000008003ee8                HAL_RCC_GetHCLKFreq
 .text.HAL_RCC_GetPCLK1Freq
                0x0000000008003f00       0x44 Drivers/STM32F3xx_HAL_Driver/Src/stm32f3xx_hal_rcc.o
                0x0000000008003f00                HAL_RCC_GetPCLK1Freq
 .text.HAL_RCC_GetPCLK2Freq
                0x0000000008003f44       0x44 Drivers/STM32F3xx_HAL_Driver/Src/stm32f3xx_hal_rcc.o
                0x0000000008003f44                HAL_RCC_GetPCLK2Freq
 .text.HAL_RCCEx_PeriphCLKConfig
                0x0000000008003f88      0x43c Drivers/STM32F3xx_HAL_Driver/Src/stm32f3xx_hal_rcc_ex.o
                0x0000000008003f88                HAL_RCCEx_PeriphCLKConfig
 .text.HAL_TIM_Base_Init
                0x00000000080043c4       0x56 Drivers/STM32F3xx_HAL_Driver/Src/stm32f3xx_hal_tim.o
                0x00000000080043c4                HAL_TIM_Base_Init
 .text.HAL_TIM_ConfigClockSource
                0x000000000800441a      0x172 Drivers/STM32F3xx_HAL_Driver/Src/stm32f3xx_hal_tim.o
                0x000000000800441a                HAL_TIM_ConfigClockSource
 .text.TIM_Base_SetConfig
                0x000000000800458c      0x13c Drivers/STM32F3xx_HAL_Driver/Src/stm32f3xx_hal_tim.o
                0x000000000800458c                TIM_Base_SetConfig
 .text.TIM_TI1_ConfigInputStage
                0x00000000080046c8       0x5e Drivers/STM32F3xx_HAL_Driver/Src/stm32f3xx_hal_tim.o
 .text.TIM_TI2_ConfigInputStage
                0x0000000008004726       0x60 Drivers/STM32F3xx_HAL_Driver/Src/stm32f3xx_hal_tim.o
 .text.TIM_ITRx_SetConfig
                0x0000000008004786       0x36 Drivers/STM32F3xx_HAL_Driver/Src/stm32f3xx_hal_tim.o
 .text.TIM_ETR_SetConfig
                0x00000000080047bc       0x40 Drivers/STM32F3xx_HAL_Driver/Src/stm32f3xx_hal_tim.o
                0x00000000080047bc                TIM_ETR_SetConfig
 .text.HAL_TIMEx_MasterConfigSynchronization
                0x00000000080047fc      0x118 Drivers/STM32F3xx_HAL_Driver/Src/stm32f3xx_hal_tim_ex.o
                0x00000000080047fc                HAL_TIMEx_MasterConfigSynchronization
 .text.HAL_UART_Init
                0x0000000008004914       0x9c Drivers/STM32F3xx_HAL_Driver/Src/stm32f3xx_hal_uart.o
                0x0000000008004914                HAL_UART_Init
 .text.HAL_UART_Transmit
                0x00000000080049b0      0x126 Drivers/STM32F3xx_HAL_Driver/Src/stm32f3xx_hal_uart.o
                0x00000000080049b0                HAL_UART_Transmit
 *fill*         0x0000000008004ad6        0x2 
 .text.UART_SetConfig
                0x0000000008004ad8      0x434 Drivers/STM32F3xx_HAL_Driver/Src/stm32f3xx_hal_uart.o
                0x0000000008004ad8                UART_SetConfig
 .text.UART_AdvFeatureConfig
                0x0000000008004f0c      0x144 Drivers/STM32F3xx_HAL_Driver/Src/stm32f3xx_hal_uart.o
                0x0000000008004f0c                UART_AdvFeatureConfig
 .text.UART_CheckIdleState
                0x0000000008005050       0x8a Drivers/STM32F3xx_HAL_Driver/Src/stm32f3xx_hal_uart.o
                0x0000000008005050                UART_CheckIdleState
 .text.UART_WaitOnFlagUntilTimeout
                0x00000000080050da       0xf6 Drivers/STM32F3xx_HAL_Driver/Src/stm32f3xx_hal_uart.o
                0x00000000080050da                UART_WaitOnFlagUntilTimeout
 .text.__libc_init_array
                0x00000000080051d0       0x48 c:/st/stm32cubeide_1.4.0/stm32cubeide/plugins/com.st.stm32cube.ide.mcu.externaltools.gnu-tools-for-stm32.7-2018-q2-update.win32_1.4.0.202007081208/tools/bin/../lib/gcc/arm-none-eabi/7.3.1/../../../../arm-none-eabi/lib/thumb/v7e-m/fpv4-sp/hard\libc_nano.a(lib_a-init.o)
                0x00000000080051d0                __libc_init_array
 .text.memcpy   0x0000000008005218       0x16 c:/st/stm32cubeide_1.4.0/stm32cubeide/plugins/com.st.stm32cube.ide.mcu.externaltools.gnu-tools-for-stm32.7-2018-q2-update.win32_1.4.0.202007081208/tools/bin/../lib/gcc/arm-none-eabi/7.3.1/../../../../arm-none-eabi/lib/thumb/v7e-m/fpv4-sp/hard\libc_nano.a(lib_a-memcpy-stub.o)
                0x0000000008005218                memcpy
 .text.memset   0x000000000800522e       0x10 c:/st/stm32cubeide_1.4.0/stm32cubeide/plugins/com.st.stm32cube.ide.mcu.externaltools.gnu-tools-for-stm32.7-2018-q2-update.win32_1.4.0.202007081208/tools/bin/../lib/gcc/arm-none-eabi/7.3.1/../../../../arm-none-eabi/lib/thumb/v7e-m/fpv4-sp/hard\libc_nano.a(lib_a-memset.o)
                0x000000000800522e                memset
 *(.glue_7)
 .glue_7        0x000000000800523e        0x0 linker stubs
 *(.glue_7t)
 .glue_7t       0x000000000800523e        0x0 linker stubs
 *(.eh_frame)
 *fill*         0x000000000800523e        0x2 
 .eh_frame      0x0000000008005240        0x0 c:/st/stm32cubeide_1.4.0/stm32cubeide/plugins/com.st.stm32cube.ide.mcu.externaltools.gnu-tools-for-stm32.7-2018-q2-update.win32_1.4.0.202007081208/tools/bin/../lib/gcc/arm-none-eabi/7.3.1/thumb/v7e-m/fpv4-sp/hard/crtbegin.o
 *(.init)
 .init          0x0000000008005240        0x4 c:/st/stm32cubeide_1.4.0/stm32cubeide/plugins/com.st.stm32cube.ide.mcu.externaltools.gnu-tools-for-stm32.7-2018-q2-update.win32_1.4.0.202007081208/tools/bin/../lib/gcc/arm-none-eabi/7.3.1/thumb/v7e-m/fpv4-sp/hard/crti.o
                0x0000000008005240                _init
 .init          0x0000000008005244        0x8 c:/st/stm32cubeide_1.4.0/stm32cubeide/plugins/com.st.stm32cube.ide.mcu.externaltools.gnu-tools-for-stm32.7-2018-q2-update.win32_1.4.0.202007081208/tools/bin/../lib/gcc/arm-none-eabi/7.3.1/thumb/v7e-m/fpv4-sp/hard/crtn.o
 *(.fini)
 .fini          0x000000000800524c        0x4 c:/st/stm32cubeide_1.4.0/stm32cubeide/plugins/com.st.stm32cube.ide.mcu.externaltools.gnu-tools-for-stm32.7-2018-q2-update.win32_1.4.0.202007081208/tools/bin/../lib/gcc/arm-none-eabi/7.3.1/thumb/v7e-m/fpv4-sp/hard/crti.o
                0x000000000800524c                _fini
 .fini          0x0000000008005250        0x8 c:/st/stm32cubeide_1.4.0/stm32cubeide/plugins/com.st.stm32cube.ide.mcu.externaltools.gnu-tools-for-stm32.7-2018-q2-update.win32_1.4.0.202007081208/tools/bin/../lib/gcc/arm-none-eabi/7.3.1/thumb/v7e-m/fpv4-sp/hard/crtn.o
                0x0000000008005258                . = ALIGN (0x4)
                0x0000000008005258                _etext = .

.vfp11_veneer   0x0000000008005258        0x0
 .vfp11_veneer  0x0000000008005258        0x0 linker stubs

.v4_bx          0x0000000008005258        0x0
 .v4_bx         0x0000000008005258        0x0 linker stubs

.iplt           0x0000000008005258        0x0
 .iplt          0x0000000008005258        0x0 c:/st/stm32cubeide_1.4.0/stm32cubeide/plugins/com.st.stm32cube.ide.mcu.externaltools.gnu-tools-for-stm32.7-2018-q2-update.win32_1.4.0.202007081208/tools/bin/../lib/gcc/arm-none-eabi/7.3.1/thumb/v7e-m/fpv4-sp/hard/crtbegin.o

.rodata         0x0000000008005258       0x38
                0x0000000008005258                . = ALIGN (0x4)
 *(.rodata)
 *(.rodata*)
 .rodata.AHBPrescTable
                0x0000000008005258       0x10 Core/Src/system_stm32f3xx.o
                0x0000000008005258                AHBPrescTable
 .rodata.APBPrescTable
                0x0000000008005268        0x8 Core/Src/system_stm32f3xx.o
                0x0000000008005268                APBPrescTable
 .rodata.aPLLMULFactorTable
                0x0000000008005270       0x10 Drivers/STM32F3xx_HAL_Driver/Src/stm32f3xx_hal_rcc.o
                0x0000000008005270                aPLLMULFactorTable
 .rodata.aPredivFactorTable
                0x0000000008005280       0x10 Drivers/STM32F3xx_HAL_Driver/Src/stm32f3xx_hal_rcc.o
                0x0000000008005280                aPredivFactorTable
                0x0000000008005290                . = ALIGN (0x4)

.rel.dyn        0x0000000008005290        0x0
 .rel.iplt      0x0000000008005290        0x0 c:/st/stm32cubeide_1.4.0/stm32cubeide/plugins/com.st.stm32cube.ide.mcu.externaltools.gnu-tools-for-stm32.7-2018-q2-update.win32_1.4.0.202007081208/tools/bin/../lib/gcc/arm-none-eabi/7.3.1/thumb/v7e-m/fpv4-sp/hard/crtbegin.o

.ARM.extab      0x0000000008005290        0x0
                0x0000000008005290                . = ALIGN (0x4)
 *(.ARM.extab* .gnu.linkonce.armextab.*)
                0x0000000008005290                . = ALIGN (0x4)

.ARM            0x0000000008005290        0x0
                0x0000000008005290                . = ALIGN (0x4)
                0x0000000008005290                __exidx_start = .
 *(.ARM.exidx*)
                0x0000000008005290                __exidx_end = .
                0x0000000008005290                . = ALIGN (0x4)

.preinit_array  0x0000000008005290        0x0
                0x0000000008005290                . = ALIGN (0x4)
                0x0000000008005290                PROVIDE (__preinit_array_start = .)
 *(.preinit_array*)
                0x0000000008005290                PROVIDE (__preinit_array_end = .)
                0x0000000008005290                . = ALIGN (0x4)

.init_array     0x0000000008005290        0x4
                0x0000000008005290                . = ALIGN (0x4)
                0x0000000008005290                PROVIDE (__init_array_start = .)
 *(SORT_BY_NAME(.init_array.*))
 *(.init_array*)
 .init_array    0x0000000008005290        0x4 c:/st/stm32cubeide_1.4.0/stm32cubeide/plugins/com.st.stm32cube.ide.mcu.externaltools.gnu-tools-for-stm32.7-2018-q2-update.win32_1.4.0.202007081208/tools/bin/../lib/gcc/arm-none-eabi/7.3.1/thumb/v7e-m/fpv4-sp/hard/crtbegin.o
                0x0000000008005294                PROVIDE (__init_array_end = .)
                0x0000000008005294                . = ALIGN (0x4)

.fini_array     0x0000000008005294        0x4
                0x0000000008005294                . = ALIGN (0x4)
                [!provide]                        PROVIDE (__fini_array_start = .)
 *(SORT_BY_NAME(.fini_array.*))
 *(.fini_array*)
 .fini_array    0x0000000008005294        0x4 c:/st/stm32cubeide_1.4.0/stm32cubeide/plugins/com.st.stm32cube.ide.mcu.externaltools.gnu-tools-for-stm32.7-2018-q2-update.win32_1.4.0.202007081208/tools/bin/../lib/gcc/arm-none-eabi/7.3.1/thumb/v7e-m/fpv4-sp/hard/crtbegin.o
                [!provide]                        PROVIDE (__fini_array_end = .)
                0x0000000008005298                . = ALIGN (0x4)
                0x0000000008005298                _sidata = LOADADDR (.data)

.data           0x0000000020000000       0x14 load address 0x0000000008005298
                0x0000000020000000                . = ALIGN (0x4)
                0x0000000020000000                _sdata = .
 *(.data)
 *(.data*)
 .data.beta     0x0000000020000000        0x4 Core/Src/MadgwickAHRS.o
                0x0000000020000000                beta
 .data.q0       0x0000000020000004        0x4 Core/Src/MadgwickAHRS.o
                0x0000000020000004                q0
 .data.SystemCoreClock
                0x0000000020000008        0x4 Core/Src/system_stm32f3xx.o
                0x0000000020000008                SystemCoreClock
 .data.uwTickPrio
                0x000000002000000c        0x4 Drivers/STM32F3xx_HAL_Driver/Src/stm32f3xx_hal.o
                0x000000002000000c                uwTickPrio
 .data.uwTickFreq
                0x0000000020000010        0x1 Drivers/STM32F3xx_HAL_Driver/Src/stm32f3xx_hal.o
                0x0000000020000010                uwTickFreq
                0x0000000020000014                . = ALIGN (0x4)
 *fill*         0x0000000020000011        0x3 
                0x0000000020000014                _edata = .

.igot.plt       0x0000000020000014        0x0 load address 0x00000000080052ac
 .igot.plt      0x0000000020000014        0x0 c:/st/stm32cubeide_1.4.0/stm32cubeide/plugins/com.st.stm32cube.ide.mcu.externaltools.gnu-tools-for-stm32.7-2018-q2-update.win32_1.4.0.202007081208/tools/bin/../lib/gcc/arm-none-eabi/7.3.1/thumb/v7e-m/fpv4-sp/hard/crtbegin.o
                0x0000000020000014                . = ALIGN (0x4)

.bss            0x0000000020000014      0x1c8 load address 0x00000000080052ac
                0x0000000020000014                _sbss = .
                0x0000000020000014                __bss_start__ = _sbss
 *(.bss)
 .bss           0x0000000020000014       0x1c c:/st/stm32cubeide_1.4.0/stm32cubeide/plugins/com.st.stm32cube.ide.mcu.externaltools.gnu-tools-for-stm32.7-2018-q2-update.win32_1.4.0.202007081208/tools/bin/../lib/gcc/arm-none-eabi/7.3.1/thumb/v7e-m/fpv4-sp/hard/crtbegin.o
 *(.bss*)
 .bss.q1        0x0000000020000030        0x4 Core/Src/MadgwickAHRS.o
                0x0000000020000030                q1
 .bss.q2        0x0000000020000034        0x4 Core/Src/MadgwickAHRS.o
                0x0000000020000034                q2
 .bss.q3        0x0000000020000038        0x4 Core/Src/MadgwickAHRS.o
                0x0000000020000038                q3
 .bss.i2cHandler
                0x000000002000003c       0x4c Core/Src/TJ_MPU6050.o
 .bss.accelScalingFactor
                0x0000000020000088        0x4 Core/Src/TJ_MPU6050.o
 .bss.gyroScalingFactor
                0x000000002000008c        0x4 Core/Src/TJ_MPU6050.o
 .bss.A_X_Bias  0x0000000020000090        0x4 Core/Src/TJ_MPU6050.o
 .bss.A_Y_Bias  0x0000000020000094        0x4 Core/Src/TJ_MPU6050.o
 .bss.A_Z_Bias  0x0000000020000098        0x4 Core/Src/TJ_MPU6050.o
 .bss.GyroRW    0x000000002000009c        0x6 Core/Src/TJ_MPU6050.o
 *(COMMON)
 *fill*         0x00000000200000a2        0x2 
 COMMON         0x00000000200000a4      0x132 Core/Src/main.o
                0x00000000200000a4                hi2c1
                0x00000000200000f0                myGyroRaw
                0x00000000200000f8                myAccelScaled
                0x0000000020000104                htim1
                0x0000000020000144                huart2
                0x00000000200001c4                myGyroScaled
                0x00000000200001d0                myAccelRaw
 *fill*         0x00000000200001d6        0x2 
 COMMON         0x00000000200001d8        0x4 Drivers/STM32F3xx_HAL_Driver/Src/stm32f3xx_hal.o
                0x00000000200001d8                uwTick
                0x00000000200001dc                . = ALIGN (0x4)
                0x00000000200001dc                _ebss = .
                0x00000000200001dc                __bss_end__ = _ebss

._user_heap_stack
                0x00000000200001dc      0x604 load address 0x00000000080052ac
                0x00000000200001e0                . = ALIGN (0x8)
 *fill*         0x00000000200001dc        0x4 
                [!provide]                        PROVIDE (end = .)
                0x00000000200001e0                PROVIDE (_end = .)
                0x00000000200003e0                . = (. + _Min_Heap_Size)
 *fill*         0x00000000200001e0      0x200 
                0x00000000200007e0                . = (. + _Min_Stack_Size)
 *fill*         0x00000000200003e0      0x400 
                0x00000000200007e0                . = ALIGN (0x8)

/DISCARD/
 libc.a(*)
 libm.a(*)
 libgcc.a(*)

.ARM.attributes
                0x0000000000000000       0x30
 *(.ARM.attributes)
 .ARM.attributes
                0x0000000000000000       0x22 c:/st/stm32cubeide_1.4.0/stm32cubeide/plugins/com.st.stm32cube.ide.mcu.externaltools.gnu-tools-for-stm32.7-2018-q2-update.win32_1.4.0.202007081208/tools/bin/../lib/gcc/arm-none-eabi/7.3.1/thumb/v7e-m/fpv4-sp/hard/crti.o
 .ARM.attributes
                0x0000000000000022       0x34 c:/st/stm32cubeide_1.4.0/stm32cubeide/plugins/com.st.stm32cube.ide.mcu.externaltools.gnu-tools-for-stm32.7-2018-q2-update.win32_1.4.0.202007081208/tools/bin/../lib/gcc/arm-none-eabi/7.3.1/thumb/v7e-m/fpv4-sp/hard/crtbegin.o
 .ARM.attributes
                0x0000000000000056       0x39 Core/Src/MadgwickAHRS.o
 .ARM.attributes
                0x000000000000008f       0x39 Core/Src/TJ_MPU6050.o
 .ARM.attributes
                0x00000000000000c8       0x39 Core/Src/main.o
 .ARM.attributes
                0x0000000000000101       0x39 Core/Src/stm32f3xx_hal_msp.o
 .ARM.attributes
                0x000000000000013a       0x39 Core/Src/stm32f3xx_it.o
 .ARM.attributes
                0x0000000000000173       0x39 Core/Src/system_stm32f3xx.o
 .ARM.attributes
                0x00000000000001ac       0x21 Core/Startup/startup_stm32f303retx.o
 .ARM.attributes
                0x00000000000001cd       0x39 Drivers/STM32F3xx_HAL_Driver/Src/stm32f3xx_hal.o
 .ARM.attributes
                0x0000000000000206       0x39 Drivers/STM32F3xx_HAL_Driver/Src/stm32f3xx_hal_cortex.o
 .ARM.attributes
                0x000000000000023f       0x39 Drivers/STM32F3xx_HAL_Driver/Src/stm32f3xx_hal_gpio.o
 .ARM.attributes
                0x0000000000000278       0x39 Drivers/STM32F3xx_HAL_Driver/Src/stm32f3xx_hal_i2c.o
 .ARM.attributes
                0x00000000000002b1       0x39 Drivers/STM32F3xx_HAL_Driver/Src/stm32f3xx_hal_i2c_ex.o
 .ARM.attributes
                0x00000000000002ea       0x39 Drivers/STM32F3xx_HAL_Driver/Src/stm32f3xx_hal_rcc.o
 .ARM.attributes
                0x0000000000000323       0x39 Drivers/STM32F3xx_HAL_Driver/Src/stm32f3xx_hal_rcc_ex.o
 .ARM.attributes
                0x000000000000035c       0x39 Drivers/STM32F3xx_HAL_Driver/Src/stm32f3xx_hal_tim.o
 .ARM.attributes
                0x0000000000000395       0x39 Drivers/STM32F3xx_HAL_Driver/Src/stm32f3xx_hal_tim_ex.o
 .ARM.attributes
                0x00000000000003ce       0x39 Drivers/STM32F3xx_HAL_Driver/Src/stm32f3xx_hal_uart.o
 .ARM.attributes
                0x0000000000000407       0x34 c:/st/stm32cubeide_1.4.0/stm32cubeide/plugins/com.st.stm32cube.ide.mcu.externaltools.gnu-tools-for-stm32.7-2018-q2-update.win32_1.4.0.202007081208/tools/bin/../lib/gcc/arm-none-eabi/7.3.1/../../../../arm-none-eabi/lib/thumb/v7e-m/fpv4-sp/hard\libc_nano.a(lib_a-init.o)
 .ARM.attributes
                0x000000000000043b       0x34 c:/st/stm32cubeide_1.4.0/stm32cubeide/plugins/com.st.stm32cube.ide.mcu.externaltools.gnu-tools-for-stm32.7-2018-q2-update.win32_1.4.0.202007081208/tools/bin/../lib/gcc/arm-none-eabi/7.3.1/../../../../arm-none-eabi/lib/thumb/v7e-m/fpv4-sp/hard\libc_nano.a(lib_a-memcpy-stub.o)
 .ARM.attributes
                0x000000000000046f       0x34 c:/st/stm32cubeide_1.4.0/stm32cubeide/plugins/com.st.stm32cube.ide.mcu.externaltools.gnu-tools-for-stm32.7-2018-q2-update.win32_1.4.0.202007081208/tools/bin/../lib/gcc/arm-none-eabi/7.3.1/../../../../arm-none-eabi/lib/thumb/v7e-m/fpv4-sp/hard\libc_nano.a(lib_a-memset.o)
 .ARM.attributes
                0x00000000000004a3       0x22 c:/st/stm32cubeide_1.4.0/stm32cubeide/plugins/com.st.stm32cube.ide.mcu.externaltools.gnu-tools-for-stm32.7-2018-q2-update.win32_1.4.0.202007081208/tools/bin/../lib/gcc/arm-none-eabi/7.3.1/thumb/v7e-m/fpv4-sp/hard\libgcc.a(_arm_addsubdf3.o)
 .ARM.attributes
                0x00000000000004c5       0x22 c:/st/stm32cubeide_1.4.0/stm32cubeide/plugins/com.st.stm32cube.ide.mcu.externaltools.gnu-tools-for-stm32.7-2018-q2-update.win32_1.4.0.202007081208/tools/bin/../lib/gcc/arm-none-eabi/7.3.1/thumb/v7e-m/fpv4-sp/hard\libgcc.a(_arm_muldivdf3.o)
 .ARM.attributes
                0x00000000000004e7       0x22 c:/st/stm32cubeide_1.4.0/stm32cubeide/plugins/com.st.stm32cube.ide.mcu.externaltools.gnu-tools-for-stm32.7-2018-q2-update.win32_1.4.0.202007081208/tools/bin/../lib/gcc/arm-none-eabi/7.3.1/thumb/v7e-m/fpv4-sp/hard\libgcc.a(_arm_truncdfsf2.o)
 .ARM.attributes
                0x0000000000000509       0x22 c:/st/stm32cubeide_1.4.0/stm32cubeide/plugins/com.st.stm32cube.ide.mcu.externaltools.gnu-tools-for-stm32.7-2018-q2-update.win32_1.4.0.202007081208/tools/bin/../lib/gcc/arm-none-eabi/7.3.1/thumb/v7e-m/fpv4-sp/hard/crtn.o
OUTPUT(EjemploLED.elf elf32-littlearm)

.debug_info     0x0000000000000000    0x10809
 .debug_info    0x0000000000000000      0xdc0 Core/Src/MadgwickAHRS.o
 .debug_info    0x0000000000000dc0     0x1414 Core/Src/TJ_MPU6050.o
 .debug_info    0x00000000000021d4     0x1c18 Core/Src/main.o
 .debug_info    0x0000000000003dec      0xf9b Core/Src/stm32f3xx_hal_msp.o
 .debug_info    0x0000000000004d87      0x20d Core/Src/stm32f3xx_it.o
 .debug_info    0x0000000000004f94      0x45c Core/Src/system_stm32f3xx.o
 .debug_info    0x00000000000053f0       0x22 Core/Startup/startup_stm32f303retx.o
 .debug_info    0x0000000000005412      0x812 Drivers/STM32F3xx_HAL_Driver/Src/stm32f3xx_hal.o
 .debug_info    0x0000000000005c24      0xdc9 Drivers/STM32F3xx_HAL_Driver/Src/stm32f3xx_hal_cortex.o
 .debug_info    0x00000000000069ed      0x7c1 Drivers/STM32F3xx_HAL_Driver/Src/stm32f3xx_hal_gpio.o
 .debug_info    0x00000000000071ae     0x1fe5 Drivers/STM32F3xx_HAL_Driver/Src/stm32f3xx_hal_i2c.o
 .debug_info    0x0000000000009193      0x994 Drivers/STM32F3xx_HAL_Driver/Src/stm32f3xx_hal_i2c_ex.o
 .debug_info    0x0000000000009b27     0x181f Drivers/STM32F3xx_HAL_Driver/Src/stm32f3xx_hal_rcc.o
 .debug_info    0x000000000000b346      0x712 Drivers/STM32F3xx_HAL_Driver/Src/stm32f3xx_hal_rcc_ex.o
 .debug_info    0x000000000000ba58     0x2648 Drivers/STM32F3xx_HAL_Driver/Src/stm32f3xx_hal_tim.o
 .debug_info    0x000000000000e0a0     0x11d7 Drivers/STM32F3xx_HAL_Driver/Src/stm32f3xx_hal_tim_ex.o
 .debug_info    0x000000000000f277     0x1592 Drivers/STM32F3xx_HAL_Driver/Src/stm32f3xx_hal_uart.o

.debug_abbrev   0x0000000000000000     0x20c0
 .debug_abbrev  0x0000000000000000      0x221 Core/Src/MadgwickAHRS.o
 .debug_abbrev  0x0000000000000221      0x279 Core/Src/TJ_MPU6050.o
 .debug_abbrev  0x000000000000049a      0x305 Core/Src/main.o
 .debug_abbrev  0x000000000000079f      0x1c2 Core/Src/stm32f3xx_hal_msp.o
 .debug_abbrev  0x0000000000000961       0xc6 Core/Src/stm32f3xx_it.o
 .debug_abbrev  0x0000000000000a27      0x12b Core/Src/system_stm32f3xx.o
 .debug_abbrev  0x0000000000000b52       0x12 Core/Startup/startup_stm32f303retx.o
 .debug_abbrev  0x0000000000000b64      0x1c7 Drivers/STM32F3xx_HAL_Driver/Src/stm32f3xx_hal.o
 .debug_abbrev  0x0000000000000d2b      0x2fa Drivers/STM32F3xx_HAL_Driver/Src/stm32f3xx_hal_cortex.o
 .debug_abbrev  0x0000000000001025      0x1c0 Drivers/STM32F3xx_HAL_Driver/Src/stm32f3xx_hal_gpio.o
 .debug_abbrev  0x00000000000011e5      0x22a Drivers/STM32F3xx_HAL_Driver/Src/stm32f3xx_hal_i2c.o
 .debug_abbrev  0x000000000000140f      0x1b9 Drivers/STM32F3xx_HAL_Driver/Src/stm32f3xx_hal_i2c_ex.o
 .debug_abbrev  0x00000000000015c8      0x28c Drivers/STM32F3xx_HAL_Driver/Src/stm32f3xx_hal_rcc.o
 .debug_abbrev  0x0000000000001854      0x219 Drivers/STM32F3xx_HAL_Driver/Src/stm32f3xx_hal_rcc_ex.o
 .debug_abbrev  0x0000000000001a6d      0x230 Drivers/STM32F3xx_HAL_Driver/Src/stm32f3xx_hal_tim.o
 .debug_abbrev  0x0000000000001c9d      0x21e Drivers/STM32F3xx_HAL_Driver/Src/stm32f3xx_hal_tim_ex.o
 .debug_abbrev  0x0000000000001ebb      0x205 Drivers/STM32F3xx_HAL_Driver/Src/stm32f3xx_hal_uart.o

.debug_aranges  0x0000000000000000      0xf30
 .debug_aranges
                0x0000000000000000       0x30 Core/Src/MadgwickAHRS.o
 .debug_aranges
                0x0000000000000030       0x88 Core/Src/TJ_MPU6050.o
 .debug_aranges
                0x00000000000000b8       0x58 Core/Src/main.o
 .debug_aranges
                0x0000000000000110       0x50 Core/Src/stm32f3xx_hal_msp.o
 .debug_aranges
                0x0000000000000160       0x60 Core/Src/stm32f3xx_it.o
 .debug_aranges
                0x00000000000001c0       0x28 Core/Src/system_stm32f3xx.o
 .debug_aranges
                0x00000000000001e8       0x28 Core/Startup/startup_stm32f303retx.o
 .debug_aranges
                0x0000000000000210       0xe0 Drivers/STM32F3xx_HAL_Driver/Src/stm32f3xx_hal.o
 .debug_aranges
                0x00000000000002f0      0x118 Drivers/STM32F3xx_HAL_Driver/Src/stm32f3xx_hal_cortex.o
 .debug_aranges
                0x0000000000000408       0x58 Drivers/STM32F3xx_HAL_Driver/Src/stm32f3xx_hal_gpio.o
 .debug_aranges
                0x0000000000000460      0x290 Drivers/STM32F3xx_HAL_Driver/Src/stm32f3xx_hal_i2c.o
 .debug_aranges
                0x00000000000006f0       0x48 Drivers/STM32F3xx_HAL_Driver/Src/stm32f3xx_hal_i2c_ex.o
 .debug_aranges
                0x0000000000000738       0x88 Drivers/STM32F3xx_HAL_Driver/Src/stm32f3xx_hal_rcc.o
 .debug_aranges
                0x00000000000007c0       0x38 Drivers/STM32F3xx_HAL_Driver/Src/stm32f3xx_hal_rcc_ex.o
 .debug_aranges
                0x00000000000007f8      0x3c8 Drivers/STM32F3xx_HAL_Driver/Src/stm32f3xx_hal_tim.o
 .debug_aranges
                0x0000000000000bc0      0x160 Drivers/STM32F3xx_HAL_Driver/Src/stm32f3xx_hal_tim_ex.o
 .debug_aranges
                0x0000000000000d20      0x210 Drivers/STM32F3xx_HAL_Driver/Src/stm32f3xx_hal_uart.o

.debug_ranges   0x0000000000000000      0xe28
 .debug_ranges  0x0000000000000000       0x20 Core/Src/MadgwickAHRS.o
 .debug_ranges  0x0000000000000020       0x78 Core/Src/TJ_MPU6050.o
 .debug_ranges  0x0000000000000098       0x48 Core/Src/main.o
 .debug_ranges  0x00000000000000e0       0x40 Core/Src/stm32f3xx_hal_msp.o
 .debug_ranges  0x0000000000000120       0x50 Core/Src/stm32f3xx_it.o
 .debug_ranges  0x0000000000000170       0x18 Core/Src/system_stm32f3xx.o
 .debug_ranges  0x0000000000000188       0x20 Core/Startup/startup_stm32f303retx.o
 .debug_ranges  0x00000000000001a8       0xd0 Drivers/STM32F3xx_HAL_Driver/Src/stm32f3xx_hal.o
 .debug_ranges  0x0000000000000278      0x108 Drivers/STM32F3xx_HAL_Driver/Src/stm32f3xx_hal_cortex.o
 .debug_ranges  0x0000000000000380       0x48 Drivers/STM32F3xx_HAL_Driver/Src/stm32f3xx_hal_gpio.o
 .debug_ranges  0x00000000000003c8      0x280 Drivers/STM32F3xx_HAL_Driver/Src/stm32f3xx_hal_i2c.o
 .debug_ranges  0x0000000000000648       0x38 Drivers/STM32F3xx_HAL_Driver/Src/stm32f3xx_hal_i2c_ex.o
 .debug_ranges  0x0000000000000680       0x78 Drivers/STM32F3xx_HAL_Driver/Src/stm32f3xx_hal_rcc.o
 .debug_ranges  0x00000000000006f8       0x28 Drivers/STM32F3xx_HAL_Driver/Src/stm32f3xx_hal_rcc_ex.o
 .debug_ranges  0x0000000000000720      0x3b8 Drivers/STM32F3xx_HAL_Driver/Src/stm32f3xx_hal_tim.o
 .debug_ranges  0x0000000000000ad8      0x150 Drivers/STM32F3xx_HAL_Driver/Src/stm32f3xx_hal_tim_ex.o
 .debug_ranges  0x0000000000000c28      0x200 Drivers/STM32F3xx_HAL_Driver/Src/stm32f3xx_hal_uart.o

.debug_macro    0x0000000000000000    0x1db90
 .debug_macro   0x0000000000000000       0xeb Core/Src/MadgwickAHRS.o
 .debug_macro   0x00000000000000eb      0xa5a Core/Src/MadgwickAHRS.o
 .debug_macro   0x0000000000000b45       0x22 Core/Src/MadgwickAHRS.o
 .debug_macro   0x0000000000000b67       0x40 Core/Src/MadgwickAHRS.o
 .debug_macro   0x0000000000000ba7       0x18 Core/Src/MadgwickAHRS.o
 .debug_macro   0x0000000000000bbf       0x94 Core/Src/MadgwickAHRS.o
 .debug_macro   0x0000000000000c53       0x3c Core/Src/MadgwickAHRS.o
 .debug_macro   0x0000000000000c8f       0x34 Core/Src/MadgwickAHRS.o
 .debug_macro   0x0000000000000cc3      0x174 Core/Src/MadgwickAHRS.o
 .debug_macro   0x0000000000000e37       0x57 Core/Src/MadgwickAHRS.o
 .debug_macro   0x0000000000000e8e       0x52 Core/Src/MadgwickAHRS.o
 .debug_macro   0x0000000000000ee0       0x1f Core/Src/MadgwickAHRS.o
 .debug_macro   0x0000000000000eff       0x43 Core/Src/MadgwickAHRS.o
 .debug_macro   0x0000000000000f42       0x20 Core/Src/MadgwickAHRS.o
 .debug_macro   0x0000000000000f62      0x1a3 Core/Src/MadgwickAHRS.o
 .debug_macro   0x0000000000001105      0x330 Core/Src/MadgwickAHRS.o
 .debug_macro   0x0000000000001435      0x1e1 Core/Src/MadgwickAHRS.o
 .debug_macro   0x0000000000001616      0x2b4 Core/Src/TJ_MPU6050.o
 .debug_macro   0x00000000000018ca      0x157 Core/Src/TJ_MPU6050.o
 .debug_macro   0x0000000000001a21       0x2e Core/Src/TJ_MPU6050.o
 .debug_macro   0x0000000000001a4f       0x28 Core/Src/TJ_MPU6050.o
 .debug_macro   0x0000000000001a77       0x8e Core/Src/TJ_MPU6050.o
 .debug_macro   0x0000000000001b05       0x51 Core/Src/TJ_MPU6050.o
 .debug_macro   0x0000000000001b56       0xef Core/Src/TJ_MPU6050.o
 .debug_macro   0x0000000000001c45       0x6a Core/Src/TJ_MPU6050.o
 .debug_macro   0x0000000000001caf      0x1df Core/Src/TJ_MPU6050.o
 .debug_macro   0x0000000000001e8e       0x1c Core/Src/TJ_MPU6050.o
 .debug_macro   0x0000000000001eaa       0x22 Core/Src/TJ_MPU6050.o
 .debug_macro   0x0000000000001ecc       0xdf Core/Src/TJ_MPU6050.o
 .debug_macro   0x0000000000001fab     0x102d Core/Src/TJ_MPU6050.o
 .debug_macro   0x0000000000002fd8      0x11f Core/Src/TJ_MPU6050.o
 .debug_macro   0x00000000000030f7    0x15353 Core/Src/TJ_MPU6050.o
 .debug_macro   0x000000000001844a       0x43 Core/Src/TJ_MPU6050.o
 .debug_macro   0x000000000001848d       0x53 Core/Src/TJ_MPU6050.o
 .debug_macro   0x00000000000184e0      0x954 Core/Src/TJ_MPU6050.o
 .debug_macro   0x0000000000018e34      0x84a Core/Src/TJ_MPU6050.o
 .debug_macro   0x000000000001967e      0x12f Core/Src/TJ_MPU6050.o
 .debug_macro   0x00000000000197ad      0x23a Core/Src/TJ_MPU6050.o
 .debug_macro   0x00000000000199e7      0x1ea Core/Src/TJ_MPU6050.o
 .debug_macro   0x0000000000019bd1      0x1bc Core/Src/TJ_MPU6050.o
 .debug_macro   0x0000000000019d8d       0x30 Core/Src/TJ_MPU6050.o
 .debug_macro   0x0000000000019dbd       0x3c Core/Src/TJ_MPU6050.o
 .debug_macro   0x0000000000019df9      0x236 Core/Src/TJ_MPU6050.o
 .debug_macro   0x000000000001a02f       0xc5 Core/Src/TJ_MPU6050.o
 .debug_macro   0x000000000001a0f4      0x21d Core/Src/TJ_MPU6050.o
 .debug_macro   0x000000000001a311      0x22c Core/Src/TJ_MPU6050.o
 .debug_macro   0x000000000001a53d       0x5b Core/Src/TJ_MPU6050.o
 .debug_macro   0x000000000001a598       0xa5 Core/Src/TJ_MPU6050.o
 .debug_macro   0x000000000001a63d       0x81 Core/Src/TJ_MPU6050.o
 .debug_macro   0x000000000001a6be       0xd3 Core/Src/TJ_MPU6050.o
 .debug_macro   0x000000000001a791      0x9e9 Core/Src/TJ_MPU6050.o
 .debug_macro   0x000000000001b17a       0xbb Core/Src/TJ_MPU6050.o
 .debug_macro   0x000000000001b235      0x589 Core/Src/TJ_MPU6050.o
 .debug_macro   0x000000000001b7be       0x44 Core/Src/TJ_MPU6050.o
 .debug_macro   0x000000000001b802      0x347 Core/Src/TJ_MPU6050.o
 .debug_macro   0x000000000001bb49       0x46 Core/Src/TJ_MPU6050.o
 .debug_macro   0x000000000001bb8f      0x32a Core/Src/TJ_MPU6050.o
 .debug_macro   0x000000000001beb9       0x10 Core/Src/TJ_MPU6050.o
 .debug_macro   0x000000000001bec9       0x35 Core/Src/TJ_MPU6050.o
 .debug_macro   0x000000000001befe       0x20 Core/Src/TJ_MPU6050.o
 .debug_macro   0x000000000001bf1e       0x22 Core/Src/TJ_MPU6050.o
 .debug_macro   0x000000000001bf40       0x6a Core/Src/TJ_MPU6050.o
 .debug_macro   0x000000000001bfaa      0x2d7 Core/Src/main.o
 .debug_macro   0x000000000001c281      0x1e1 Core/Src/stm32f3xx_hal_msp.o
 .debug_macro   0x000000000001c462      0x1eb Core/Src/stm32f3xx_it.o
 .debug_macro   0x000000000001c64d      0x1d4 Core/Src/system_stm32f3xx.o
 .debug_macro   0x000000000001c821      0x1f2 Drivers/STM32F3xx_HAL_Driver/Src/stm32f3xx_hal.o
 .debug_macro   0x000000000001ca13      0x1ce Drivers/STM32F3xx_HAL_Driver/Src/stm32f3xx_hal_cortex.o
 .debug_macro   0x000000000001cbe1      0x206 Drivers/STM32F3xx_HAL_Driver/Src/stm32f3xx_hal_gpio.o
 .debug_macro   0x000000000001cde7      0x293 Drivers/STM32F3xx_HAL_Driver/Src/stm32f3xx_hal_i2c.o
 .debug_macro   0x000000000001d07a      0x1ce Drivers/STM32F3xx_HAL_Driver/Src/stm32f3xx_hal_i2c_ex.o
 .debug_macro   0x000000000001d248      0x1f2 Drivers/STM32F3xx_HAL_Driver/Src/stm32f3xx_hal_rcc.o
 .debug_macro   0x000000000001d43a      0x1ce Drivers/STM32F3xx_HAL_Driver/Src/stm32f3xx_hal_rcc_ex.o
 .debug_macro   0x000000000001d608      0x1cf Drivers/STM32F3xx_HAL_Driver/Src/stm32f3xx_hal_tim.o
 .debug_macro   0x000000000001d7d7      0x1ce Drivers/STM32F3xx_HAL_Driver/Src/stm32f3xx_hal_tim_ex.o
 .debug_macro   0x000000000001d9a5      0x1eb Drivers/STM32F3xx_HAL_Driver/Src/stm32f3xx_hal_uart.o

.debug_line     0x0000000000000000     0xbeb2
 .debug_line    0x0000000000000000      0x596 Core/Src/MadgwickAHRS.o
 .debug_line    0x0000000000000596      0x949 Core/Src/TJ_MPU6050.o
 .debug_line    0x0000000000000edf      0x966 Core/Src/main.o
 .debug_line    0x0000000000001845      0x74a Core/Src/stm32f3xx_hal_msp.o
 .debug_line    0x0000000000001f8f      0x762 Core/Src/stm32f3xx_it.o
 .debug_line    0x00000000000026f1      0x6cb Core/Src/system_stm32f3xx.o
 .debug_line    0x0000000000002dbc       0x85 Core/Startup/startup_stm32f303retx.o
 .debug_line    0x0000000000002e41      0x886 Drivers/STM32F3xx_HAL_Driver/Src/stm32f3xx_hal.o
 .debug_line    0x00000000000036c7      0x9bb Drivers/STM32F3xx_HAL_Driver/Src/stm32f3xx_hal_cortex.o
 .debug_line    0x0000000000004082      0x861 Drivers/STM32F3xx_HAL_Driver/Src/stm32f3xx_hal_gpio.o
 .debug_line    0x00000000000048e3     0x1a8e Drivers/STM32F3xx_HAL_Driver/Src/stm32f3xx_hal_i2c.o
 .debug_line    0x0000000000006371      0x7ef Drivers/STM32F3xx_HAL_Driver/Src/stm32f3xx_hal_i2c_ex.o
 .debug_line    0x0000000000006b60      0xe01 Drivers/STM32F3xx_HAL_Driver/Src/stm32f3xx_hal_rcc.o
 .debug_line    0x0000000000007961      0xa27 Drivers/STM32F3xx_HAL_Driver/Src/stm32f3xx_hal_rcc_ex.o
 .debug_line    0x0000000000008388     0x1be3 Drivers/STM32F3xx_HAL_Driver/Src/stm32f3xx_hal_tim.o
 .debug_line    0x0000000000009f6b      0xd5b Drivers/STM32F3xx_HAL_Driver/Src/stm32f3xx_hal_tim_ex.o
 .debug_line    0x000000000000acc6     0x11ec Drivers/STM32F3xx_HAL_Driver/Src/stm32f3xx_hal_uart.o

.debug_str      0x0000000000000000    0xb0779
 .debug_str     0x0000000000000000     0x6b3e Core/Src/MadgwickAHRS.o
                                       0x6d15 (size before relaxing)
 .debug_str     0x0000000000006b3e    0xa534a Core/Src/TJ_MPU6050.o
                                      0xac4d6 (size before relaxing)
 .debug_str     0x00000000000abe88      0x9f9 Core/Src/main.o
                                      0xacc7c (size before relaxing)
 .debug_str     0x00000000000ac881      0x11b Core/Src/stm32f3xx_hal_msp.o
                                      0xa8d2b (size before relaxing)
 .debug_str     0x00000000000ac99c       0xbd Core/Src/stm32f3xx_it.o
                                      0xa83b6 (size before relaxing)
 .debug_str     0x00000000000aca59       0xd1 Core/Src/system_stm32f3xx.o
                                      0xa83a9 (size before relaxing)
 .debug_str     0x00000000000acb2a       0x36 Core/Startup/startup_stm32f303retx.o
                                         0x75 (size before relaxing)
 .debug_str     0x00000000000acb60      0x72e Drivers/STM32F3xx_HAL_Driver/Src/stm32f3xx_hal.o
                                      0xa8b9c (size before relaxing)
 .debug_str     0x00000000000ad28e      0x3cd Drivers/STM32F3xx_HAL_Driver/Src/stm32f3xx_hal_cortex.o
                                      0xa8caa (size before relaxing)
 .debug_str     0x00000000000ad65b      0x29a Drivers/STM32F3xx_HAL_Driver/Src/stm32f3xx_hal_gpio.o
                                      0xa8673 (size before relaxing)
 .debug_str     0x00000000000ad8f5      0xe38 Drivers/STM32F3xx_HAL_Driver/Src/stm32f3xx_hal_i2c.o
                                      0xa95e9 (size before relaxing)
 .debug_str     0x00000000000ae72d       0xf3 Drivers/STM32F3xx_HAL_Driver/Src/stm32f3xx_hal_i2c_ex.o
                                      0xa8958 (size before relaxing)
 .debug_str     0x00000000000ae820      0x314 Drivers/STM32F3xx_HAL_Driver/Src/stm32f3xx_hal_rcc.o
                                      0xa8807 (size before relaxing)
 .debug_str     0x00000000000aeb34       0xd8 Drivers/STM32F3xx_HAL_Driver/Src/stm32f3xx_hal_rcc_ex.o
                                      0xa8651 (size before relaxing)
 .debug_str     0x00000000000aec0c      0xdec Drivers/STM32F3xx_HAL_Driver/Src/stm32f3xx_hal_tim.o
                                      0xa9596 (size before relaxing)
 .debug_str     0x00000000000af9f8      0x591 Drivers/STM32F3xx_HAL_Driver/Src/stm32f3xx_hal_tim_ex.o
                                      0xa8d9d (size before relaxing)
 .debug_str     0x00000000000aff89      0x7f0 Drivers/STM32F3xx_HAL_Driver/Src/stm32f3xx_hal_uart.o
                                      0xa8f63 (size before relaxing)

.comment        0x0000000000000000       0x7b
 .comment       0x0000000000000000       0x7b Core/Src/MadgwickAHRS.o
                                         0x7c (size before relaxing)
 .comment       0x000000000000007b       0x7c Core/Src/TJ_MPU6050.o
 .comment       0x000000000000007b       0x7c Core/Src/main.o
 .comment       0x000000000000007b       0x7c Core/Src/stm32f3xx_hal_msp.o
 .comment       0x000000000000007b       0x7c Core/Src/stm32f3xx_it.o
 .comment       0x000000000000007b       0x7c Core/Src/system_stm32f3xx.o
 .comment       0x000000000000007b       0x7c Drivers/STM32F3xx_HAL_Driver/Src/stm32f3xx_hal.o
 .comment       0x000000000000007b       0x7c Drivers/STM32F3xx_HAL_Driver/Src/stm32f3xx_hal_cortex.o
 .comment       0x000000000000007b       0x7c Drivers/STM32F3xx_HAL_Driver/Src/stm32f3xx_hal_gpio.o
 .comment       0x000000000000007b       0x7c Drivers/STM32F3xx_HAL_Driver/Src/stm32f3xx_hal_i2c.o
 .comment       0x000000000000007b       0x7c Drivers/STM32F3xx_HAL_Driver/Src/stm32f3xx_hal_i2c_ex.o
 .comment       0x000000000000007b       0x7c Drivers/STM32F3xx_HAL_Driver/Src/stm32f3xx_hal_rcc.o
 .comment       0x000000000000007b       0x7c Drivers/STM32F3xx_HAL_Driver/Src/stm32f3xx_hal_rcc_ex.o
 .comment       0x000000000000007b       0x7c Drivers/STM32F3xx_HAL_Driver/Src/stm32f3xx_hal_tim.o
 .comment       0x000000000000007b       0x7c Drivers/STM32F3xx_HAL_Driver/Src/stm32f3xx_hal_tim_ex.o
 .comment       0x000000000000007b       0x7c Drivers/STM32F3xx_HAL_Driver/Src/stm32f3xx_hal_uart.o

.debug_frame    0x0000000000000000     0x41a0
 .debug_frame   0x0000000000000000       0x88 Core/Src/MadgwickAHRS.o
 .debug_frame   0x0000000000000088      0x210 Core/Src/TJ_MPU6050.o
 .debug_frame   0x0000000000000298      0x120 Core/Src/main.o
 .debug_frame   0x00000000000003b8      0x118 Core/Src/stm32f3xx_hal_msp.o
 .debug_frame   0x00000000000004d0      0x10c Core/Src/stm32f3xx_it.o
 .debug_frame   0x00000000000005dc       0x58 Core/Src/system_stm32f3xx.o
 .debug_frame   0x0000000000000634      0x334 Drivers/STM32F3xx_HAL_Driver/Src/stm32f3xx_hal.o
 .debug_frame   0x0000000000000968      0x498 Drivers/STM32F3xx_HAL_Driver/Src/stm32f3xx_hal_cortex.o
 .debug_frame   0x0000000000000e00      0x14c Drivers/STM32F3xx_HAL_Driver/Src/stm32f3xx_hal_gpio.o
 .debug_frame   0x0000000000000f4c      0xbe8 Drivers/STM32F3xx_HAL_Driver/Src/stm32f3xx_hal_i2c.o
 .debug_frame   0x0000000000001b34      0x100 Drivers/STM32F3xx_HAL_Driver/Src/stm32f3xx_hal_i2c_ex.o
 .debug_frame   0x0000000000001c34      0x214 Drivers/STM32F3xx_HAL_Driver/Src/stm32f3xx_hal_rcc.o
 .debug_frame   0x0000000000001e48       0xb4 Drivers/STM32F3xx_HAL_Driver/Src/stm32f3xx_hal_rcc_ex.o
 .debug_frame   0x0000000000001efc     0x1190 Drivers/STM32F3xx_HAL_Driver/Src/stm32f3xx_hal_tim.o
 .debug_frame   0x000000000000308c      0x610 Drivers/STM32F3xx_HAL_Driver/Src/stm32f3xx_hal_tim_ex.o
 .debug_frame   0x000000000000369c      0x970 Drivers/STM32F3xx_HAL_Driver/Src/stm32f3xx_hal_uart.o
 .debug_frame   0x000000000000400c       0x2c c:/st/stm32cubeide_1.4.0/stm32cubeide/plugins/com.st.stm32cube.ide.mcu.externaltools.gnu-tools-for-stm32.7-2018-q2-update.win32_1.4.0.202007081208/tools/bin/../lib/gcc/arm-none-eabi/7.3.1/../../../../arm-none-eabi/lib/thumb/v7e-m/fpv4-sp/hard\libc_nano.a(lib_a-init.o)
 .debug_frame   0x0000000000004038       0x28 c:/st/stm32cubeide_1.4.0/stm32cubeide/plugins/com.st.stm32cube.ide.mcu.externaltools.gnu-tools-for-stm32.7-2018-q2-update.win32_1.4.0.202007081208/tools/bin/../lib/gcc/arm-none-eabi/7.3.1/../../../../arm-none-eabi/lib/thumb/v7e-m/fpv4-sp/hard\libc_nano.a(lib_a-memcpy-stub.o)
 .debug_frame   0x0000000000004060       0x20 c:/st/stm32cubeide_1.4.0/stm32cubeide/plugins/com.st.stm32cube.ide.mcu.externaltools.gnu-tools-for-stm32.7-2018-q2-update.win32_1.4.0.202007081208/tools/bin/../lib/gcc/arm-none-eabi/7.3.1/../../../../arm-none-eabi/lib/thumb/v7e-m/fpv4-sp/hard\libc_nano.a(lib_a-memset.o)
 .debug_frame   0x0000000000004080       0xac c:/st/stm32cubeide_1.4.0/stm32cubeide/plugins/com.st.stm32cube.ide.mcu.externaltools.gnu-tools-for-stm32.7-2018-q2-update.win32_1.4.0.202007081208/tools/bin/../lib/gcc/arm-none-eabi/7.3.1/thumb/v7e-m/fpv4-sp/hard\libgcc.a(_arm_addsubdf3.o)
 .debug_frame   0x000000000000412c       0x50 c:/st/stm32cubeide_1.4.0/stm32cubeide/plugins/com.st.stm32cube.ide.mcu.externaltools.gnu-tools-for-stm32.7-2018-q2-update.win32_1.4.0.202007081208/tools/bin/../lib/gcc/arm-none-eabi/7.3.1/thumb/v7e-m/fpv4-sp/hard\libgcc.a(_arm_muldivdf3.o)
 .debug_frame   0x000000000000417c       0x24 c:/st/stm32cubeide_1.4.0/stm32cubeide/plugins/com.st.stm32cube.ide.mcu.externaltools.gnu-tools-for-stm32.7-2018-q2-update.win32_1.4.0.202007081208/tools/bin/../lib/gcc/arm-none-eabi/7.3.1/thumb/v7e-m/fpv4-sp/hard\libgcc.a(_arm_truncdfsf2.o)
