16:58:17 **** Incremental Build of configuration Debug for project COMECA ****
make -j12 all 
arm-none-eabi-gcc "../Core/Src/main.c" -mcpu=cortex-m4 -std=gnu11 -g3 -DDEBUG -DUSE_HAL_DRIVER -DSTM32F407xx -c -I../Core/Inc -I../Drivers/STM32F4xx_HAL_Driver/Inc -I../Drivers/STM32F4xx_HAL_Driver/Inc/Legacy -I../Drivers/CMSIS/Device/ST/STM32F4xx/Include -I../Drivers/CMSIS/Include -O0 -ffunction-sections -fdata-sections -Wall -fstack-usage -MMD -MP -MF"Core/Src/main.d" -MT"Core/Src/main.o" --specs=nano.specs -mfpu=fpv4-sp-d16 -mfloat-abi=hard -mthumb -o "Core/Src/main.o"
arm-none-eabi-gcc -o "COMECA.elf" @"objects.list"   -mcpu=cortex-m4 -T"C:\DisenioBJAM\Prototipo\COMECA\COMECA\STM32F407VGTX_FLASH.ld" --specs=nosys.specs -Wl,-Map="COMECA.map" -Wl,--gc-sections -static --specs=nano.specs -mfpu=fpv4-sp-d16 -mfloat-abi=hard -mthumb -Wl,--start-group -lc -lm -Wl,--end-group
Finished building target: COMECA.elf
 
arm-none-eabi-objdump -h -S  COMECA.elf  > "COMECA.list"
arm-none-eabi-objcopy  -O binary  COMECA.elf  "COMECA.bin"
arm-none-eabi-size   COMECA.elf 
   text	   data	    bss	    dec	    hex	filename
   5792	     20	   1572	   7384	   1cd8	COMECA.elf
Finished building: default.size.stdout
 
Finished building: COMECA.bin
 
Finished building: COMECA.list
 

16:58:18 Build Finished. 0 errors, 0 warnings. (took 919ms)

