main.c:126:5:main	8	static
main.c:169:6:SystemClock_Config	88	static
main.c:214:13:MX_GPIO_Init	40	static
main.c:262:6:HAL_GPIO_EXTI_Callback	16	static
main.c:276:6:testGpioPin	16	static
main.c:292:6:processBit	16	static
main.c:303:6:onRisingEdgeOfReqSignal	4	static
main.c:309:6:onRisingEdgeOfClockSignal	8	static
main.c:331:20:digimaticGetMeasure	4	static
main.c:341:6:analogValidate	16	static
main.c:345:6:AnalogInDigitalOutManager	16	static
main.c:375:6:Error_Handler	4	static,ignoring_inline_asm
