main.c:138:5:main	8	static
main.c:182:6:SystemClock_Config	88	static
main.c:227:13:MX_TIM14_Init	8	static
main.c:258:13:MX_GPIO_Init	32	static
main.c:295:6:HAL_TIM_PeriodElapsedCallback	16	static
main.c:302:6:HAL_GPIO_EXTI_Callback	16	static
main.c:312:6:getCaliperData	16	static
main.c:333:6:processBit	32	static
main.c:344:6:onRisingEdgeOfReqSignal	16	static
main.c:350:6:onRisingEdgeOfClockSignal	32	static
main.c:377:20:digimaticGetMeasure	16	static
main.c:387:6:analogValidate	16	static
main.c:391:6:AnalogInDigitalOutManager	16	static
main.c:421:6:Error_Handler	4	static,ignoring_inline_asm
