json.h:461:5:json_hexadecimal_digit	16	static
json.h:476:5:json_hexadecimal_value	32	static
json.h:498:5:json_skip_whitespace	32	static
json.h:540:5:json_skip_c_style_comments	16	static
json.h:603:5:json_skip_all_skippables	24	static
json.h:654:5:json_get_string_size	56	static
json.h:835:5:is_valid_unquoted_key_char	16	static
json.h:841:5:json_get_key_size	40	static
json.h:889:5:json_get_object_size	48	static
json.h:1026:5:json_get_array_size	40	static
json.h:1099:5:json_get_number_size	88	static
json.h:1297:5:json_get_value_size	32	static
json.h:1408:6:json_parse_string	48	static
json.h:1540:6:json_parse_key	32	static
json.h:1581:6:json_parse_object	72	static
json.h:1718:6:json_parse_array	48	static
json.h:1808:6:json_parse_number	64	static
json.h:1902:6:json_parse_value	40	static
json.h:2003:1:json_parse_ex	88	static
json.h:2114:22:json_parse	24	static
json.h:2124:22:json_extract_value	16	static
json.h:2140:1:json_extract_get_number_size	24	static
json.h:2148:1:json_extract_get_string_size	24	static
json.h:2156:1:json_extract_get_object_size	48	static
json.h:2184:1:json_extract_get_array_size	40	static
json.h:2207:1:json_extract_get_value_size	32	static
json.h:2243:6:json_extract_copy_value	72	static
json.h:2345:22:json_extract_value_ex	48	static
json.h:2376:23:json_value_as_string	16	static
json.h:2384:23:json_value_as_number	16	static
json.h:2392:23:json_value_as_object	16	static
json.h:2400:22:json_value_as_array	16	static
json.h:2408:5:json_value_is_true	16	static
json.h:2412:5:json_value_is_false	16	static
json.h:2416:5:json_value_is_null	16	static
json.h:2426:5:json_write_get_number_size	48	static
json.h:2550:5:json_write_get_string_size	24	static
json.h:2578:5:json_write_minified_get_array_size	24	static
json.h:2601:5:json_write_minified_get_object_size	24	static
json.h:2631:5:json_write_minified_get_value_size	16	static
json.h:2666:7:json_write_number	64	static
json.h:2849:7:json_write_string	24	static
json.h:2897:7:json_write_minified_array	24	static
json.h:2922:7:json_write_minified_object	24	static
json.h:2957:7:json_write_minified_value	16	static
json.h:2994:7:json_write_minified	32	static
json.h:3044:5:json_write_pretty_get_array_size	40	static
json.h:3087:5:json_write_pretty_get_object_size	40	static
json.h:3131:5:json_write_pretty_get_value_size	32	static
json.h:3171:7:json_write_pretty_array	48	static
json.h:3228:7:json_write_pretty_object	48	static
json.h:3297:7:json_write_pretty_value	32	static
json.h:3336:7:json_write_pretty	56	static
udpClientRAW.c:38:13:udpClient_send_first_message	120	static
udpClientRAW.c:62:6:udpClient_connect	24	static
udpClientRAW.c:95:6:udpClient_custom_string	128	static
udpClientRAW.c:121:6:udp_receive_callback	24	static
